Case #1: O won
Case #2: X won
Case #3: Game has not completed
Case #4: O won
Case #5: Draw
Case #6: X won
Case #7: X won
Case #8: X won
Case #9: Game has not completed
Case #10: Draw
