Case #1: X won
Case #2: X won
Case #3: Game has not completed
Case #4: O won
Case #5: Draw
Case #6: O won
Case #7: X won
Case #8: Game has not completed
Case #9: Draw
Case #10: X won
