Case #1: 0
Case #2: 1
Case #3: 1
Case #4: 2
Case #5: 1
Case #6: 2
Case #7: 1
Case #8: 1
Case #9: 1
Case #10: 2
Case #11: 2
Case #12: 2
Case #13: 1
Case #14: 2
Case #15: 2
Case #16: 2
Case #17: 1
Case #18: 2
Case #19: 3
Case #20: 2
Case #21: 1
Case #22: 1
Case #23: 4
Case #24: 0
Case #25: 0
Case #26: 2
Case #27: 3
Case #28: 2
Case #29: 0
Case #30: 3
Case #31: 1
Case #32: 1
Case #33: 2
Case #34: 5
Case #35: 0
Case #36: 1
Case #37: 1
Case #38: 1
Case #39: 1
Case #40: 2
Case #41: 2
Case #42: 4
Case #43: 0
Case #44: 2
Case #45: 1
Case #46: 1
Case #47: 3
Case #48: 1
Case #49: 1
Case #50: 1
Case #51: 2
Case #52: 2
Case #53: 3
Case #54: 0
Case #55: 1
Case #56: 3
Case #57: 1
Case #58: 1
Case #59: 2
Case #60: 2
Case #61: 4
Case #62: 1
Case #63: 2
Case #64: 1
Case #65: 3
Case #66: 0
Case #67: 2
Case #68: 2
Case #69: 2
Case #70: 2
Case #71: 1
Case #72: 4
Case #73: 1
Case #74: 2
Case #75: 1
Case #76: 2
Case #77: 3
Case #78: 2
Case #79: 1
Case #80: 0
Case #81: 1
Case #82: 3
Case #83: 3
Case #84: 1
Case #85: 0
Case #86: 2
Case #87: 5
Case #88: 1
Case #89: 0
Case #90: 1
Case #91: 1
Case #92: 4
Case #93: 2
Case #94: 2
Case #95: 1
Case #96: 1
Case #97: 5
Case #98: 2
Case #99: 1
Case #100: 2
